### Phase B forward-port: git am --3way onto 7.1-rc6

patch 01 result:
Applying: mm/slub: don't try to dereference invalid freepointers
Using index info to reconstruct a base tree...
M	mm/slub.c
Falling back to patching base and 3-way merge...
Auto-merging mm/slub.c
CONFLICT (content): Merge conflict in mm/slub.c
error: Failed to merge in the changes.
hint: Use 'git am --show-current-patch=diff' to see the failed patch
Patch failed at 0001 mm/slub: don't try to dereference invalid freepointers
When you have resolved this problem, run "git am --continue".
If you prefer to skip this patch, run "git am --skip" instead.
To restore the original branch and stop patching, run "git am --abort".

### conflict region (note unrelated MEM_ALLOC_PROFILING_DEBUG code interleaved):
		for (i = 0; i < objects; i++)
			set_codetag_empty(&vec[i].ref);
	}
}

<<<<<<< HEAD
#else /* CONFIG_MEM_ALLOC_PROFILING_DEBUG */
=======
	/* Head and tail of the reconstructed freelist */
	*head = NULL;
	*tail = NULL;

	do {
		object = next;
		/* Single objects don't actually contain a freepointer */
		if (object != old_tail)
			next = get_freepointer(s, object);

		/* If object's reuse doesn't have to be delayed */
		if (!slab_free_hook(s, object, slab_want_init_on_free(s))) {
			/* Move object to the new freelist */
			set_freepointer(s, object, *head);
			*head = object;
			if (!*tail)
				*tail = object;
		} else {
			/*
			 * Adjust the reconstructed freelist depth
			 * accordingly if object's reuse is delayed.
			 */
			--(*cnt);
		}
	} while (object != old_tail);
>>>>>>> mm/slub: don't try to dereference invalid freepointers

static inline void mark_obj_codetag_empty(const void *obj) {}
